
> temp_p@0.1.0 build
> next build

▲ Next.js 16.2.2 (Turbopack)

  Creating an optimized production build ...
✓ Compiled successfully in 12.3s
  Running TypeScript ...
  Finished TypeScript in 189ms ...
  Collecting page data using 9 workers ...
  Generating static pages using 9 workers (0/6) ...
  Generating static pages using 9 workers (1/6) 
  Generating static pages using 9 workers (2/6) 
  Generating static pages using 9 workers (4/6) 
✓ Generating static pages using 9 workers (6/6) in 1417ms
  Finalizing page optimization ...

Route (app)
┌ ○ /
├ ○ /_not-found
├ ƒ /blog/[postId]
├ ƒ /event/[eventId]
├ ○ /robots.txt
└ ○ /sitemap.xml


○  (Static)   prerendered as static content
ƒ  (Dynamic)  server-rendered on demand

